// Jest Snapshot v1, https://goo.gl/fbAQLP

exports[`Renders a list of issues matches snapshot 1`] = `
<div
  className="ui relaxed divided list"
>
  <div
    className="item"
  >
    <i
      className="large github middle aligned icon"
    />
    <div
      className="content"
    >
      <a
        className="header"
        href="https://github.com/microsoft/vscode/issues/68"
        rel="noreferrer"
        target="_blank"
      >
        Git: Support git history in VSCode
      </a>
      <div
        className="description"
      />
    </div>
  </div>
  <div
    className="item"
  >
    <i
      className="large github middle aligned icon"
    />
    <div
      className="content"
    >
      <a
        className="header"
        href="https://github.com/microsoft/vscode/issues/127"
        rel="noreferrer"
        target="_blank"
      >
        Provide option to opt out of line ending normalisation for files
      </a>
      <div
        className="description"
      />
    </div>
  </div>
</div>
`;
